{
  "version": "1.5.0",
  "plugins_used": [
    {
      "name": "ArtifactoryDetector"
    },
    {
      "name": "AWSKeyDetector"
    },
    {
      "name": "AzureStorageKeyDetector"
    },
    {
      "name": "Base64HighEntropyString",
      "limit": 4.5
    },
    {
      "name": "BasicAuthDetector"
    },
    {
      "name": "CloudantDetector"
    },
    {
      "name": "DiscordBotTokenDetector"
    },
    {
      "name": "GitHubTokenDetector"
    },
    {
      "name": "GitLabTokenDetector"
    },
    {
      "name": "HexHighEntropyString",
      "limit": 3
    },
    {
      "name": "IbmCloudIamDetector"
    },
    {
      "name": "IbmCosHmacDetector"
    },
    {
      "name": "IPPublicDetector"
    },
    {
      "name": "JwtTokenDetector"
    },
    {
      "name": "KeywordDetector",
      "keyword_exclude": ""
    },
    {
      "name": "MailchimpDetector"
    },
    {
      "name": "NpmDetector"
    },
    {
      "name": "OpenAIDetector"
    },
    {
      "name": "PrivateKeyDetector"
    },
    {
      "name": "PypiTokenDetector"
    },
    {
      "name": "SendGridDetector"
    },
    {
      "name": "SlackDetector"
    },
    {
      "name": "SoftlayerDetector"
    },
    {
      "name": "SquareOAuthDetector"
    },
    {
      "name": "StripeDetector"
    },
    {
      "name": "TelegramBotTokenDetector"
    },
    {
      "name": "TwilioKeyDetector"
    }
  ],
  "filters_used": [
    {
      "path": "detect_secrets.filters.allowlist.is_line_allowlisted"
    },
    {
      "path": "detect_secrets.filters.common.is_baseline_file",
      "filename": ".secrets.baseline"
    },
    {
      "path": "detect_secrets.filters.common.is_ignored_due_to_verification_policies",
      "min_level": 2
    },
    {
      "path": "detect_secrets.filters.heuristic.is_indirect_reference"
    },
    {
      "path": "detect_secrets.filters.heuristic.is_likely_id_string"
    },
    {
      "path": "detect_secrets.filters.heuristic.is_lock_file"
    },
    {
      "path": "detect_secrets.filters.heuristic.is_not_alphanumeric_string"
    },
    {
      "path": "detect_secrets.filters.heuristic.is_potential_uuid"
    },
    {
      "path": "detect_secrets.filters.heuristic.is_prefixed_with_dollar_sign"
    },
    {
      "path": "detect_secrets.filters.heuristic.is_sequential_string"
    },
    {
      "path": "detect_secrets.filters.heuristic.is_swagger_file"
    },
    {
      "path": "detect_secrets.filters.heuristic.is_templated_secret"
    },
    {
      "path": "detect_secrets.filters.regex.should_exclude_file",
      "pattern": [
        "(\\.lock$|-lock\\.json$|\\.lock\\.json$|-lock\\.yaml$|(^|[\\\\/])\\.secrets\\.baseline$|(^|[\\\\/])benchmarks[\\\\/]results[\\\\/](governance-frontier-v1|harness-overhead-v1)[\\\\/]measured-manifest\\.json$)"
      ]
    }
  ],
  "results": {
    ".github/workflows/ci.yml": [
      {
        "type": "Secret Keyword",
        "filename": ".github/workflows/ci.yml",
        "hashed_secret": "5c995bbb81b028b869ee4ea7c44bb1a9ea6152bc",
        "is_verified": false,
        "line_number": 684,
        "is_secret": false
      },
      {
        "type": "Basic Auth Credentials",
        "filename": ".github/workflows/ci.yml",
        "hashed_secret": "5c995bbb81b028b869ee4ea7c44bb1a9ea6152bc",
        "is_verified": false,
        "line_number": 716,
        "is_secret": false
      }
    ],
    "apps/installer-cli/tests/test_wizard_env_perms.py": [
      {
        "type": "Secret Keyword",
        "filename": "apps/installer-cli/tests/test_wizard_env_perms.py",
        "hashed_secret": "fd9a45bc0b07706d849cf85021ecf9123fa83d82",
        "is_verified": false,
        "line_number": 42,
        "is_secret": false
      },
      {
        "type": "Secret Keyword",
        "filename": "apps/installer-cli/tests/test_wizard_env_perms.py",
        "hashed_secret": "27f48b198a5f1b84d79ccb7e0e1f431ae362a07a",
        "is_verified": false,
        "line_number": 77,
        "is_secret": false
      }
    ],
    "apps/installer-cli/tests/test_wizard_parity.py": [
      {
        "type": "Secret Keyword",
        "filename": "apps/installer-cli/tests/test_wizard_parity.py",
        "hashed_secret": "434546091fda1d0703e9691570f26d96d1260857",
        "is_verified": false,
        "line_number": 124,
        "is_secret": false
      }
    ],
    "docs/specs/catalog-example/skills/index.json": [
      {
        "type": "Hex High Entropy String",
        "filename": "docs/specs/catalog-example/skills/index.json",
        "hashed_secret": "41dac35a183cbf81e70e0d133049564cc99260f7",
        "is_verified": false,
        "line_number": 10,
        "is_secret": false
      }
    ],
    "go/model-proxy/scrub.go": [
      {
        "type": "Basic Auth Credentials",
        "filename": "go/model-proxy/scrub.go",
        "hashed_secret": "5baa61e4c9b93f3f0682250b6cf8331b7ee68fd8",
        "is_verified": false,
        "line_number": 27,
        "is_secret": false
      }
    ],
    "go/model-proxy/scrub_test.go": [
      {
        "type": "Basic Auth Credentials",
        "filename": "go/model-proxy/scrub_test.go",
        "hashed_secret": "7e75e86954a600fd750d8f8fd773866fd07592da",
        "is_verified": false,
        "line_number": 17,
        "is_secret": false
      },
      {
        "type": "Base64 High Entropy String",
        "filename": "go/model-proxy/scrub_test.go",
        "hashed_secret": "932a3469ccbb59c1df1e1320dd2056c6845c5a9a",
        "is_verified": false,
        "line_number": 18,
        "is_secret": false
      },
      {
        "type": "Secret Keyword",
        "filename": "go/model-proxy/scrub_test.go",
        "hashed_secret": "fe5e37fa4408d13b4affdcc5f75518db9b3a5e38",
        "is_verified": false,
        "line_number": 20,
        "is_secret": false
      },
      {
        "type": "Base64 High Entropy String",
        "filename": "go/model-proxy/scrub_test.go",
        "hashed_secret": "592b13d18911bc5ad95797cadbbb71836deeabef",
        "is_verified": false,
        "line_number": 21,
        "is_secret": false
      },
      {
        "type": "Secret Keyword",
        "filename": "go/model-proxy/scrub_test.go",
        "hashed_secret": "69266035525dbbfac2b350ba31f5abd04971ad97",
        "is_verified": false,
        "line_number": 21,
        "is_secret": false
      }
    ],
    "packages/maverick-channels/tests/test_bluesky_channel.py": [
      {
        "type": "Secret Keyword",
        "filename": "packages/maverick-channels/tests/test_bluesky_channel.py",
        "hashed_secret": "e18ec93b9405e53d94f3919b40fab7d7427c6e37",
        "is_verified": false,
        "line_number": 98,
        "is_secret": false
      }
    ],
    "packages/maverick-channels/tests/test_channel_authz.py": [
      {
        "type": "Secret Keyword",
        "filename": "packages/maverick-channels/tests/test_channel_authz.py",
        "hashed_secret": "95285eacd6260d8713088178c97b76cfe8093be7",
        "is_verified": false,
        "line_number": 449,
        "is_secret": false
      }
    ],
    "packages/maverick-channels/tests/test_rcs.py": [
      {
        "type": "Secret Keyword",
        "filename": "packages/maverick-channels/tests/test_rcs.py",
        "hashed_secret": "84972bf0b4cfefbe4345b653fae248d00c0e3fa7",
        "is_verified": false,
        "line_number": 185,
        "is_secret": false
      }
    ],
    "packages/maverick-channels/tests/test_voice_channel.py": [
      {
        "type": "Secret Keyword",
        "filename": "packages/maverick-channels/tests/test_voice_channel.py",
        "hashed_secret": "95285eacd6260d8713088178c97b76cfe8093be7",
        "is_verified": false,
        "line_number": 42,
        "is_secret": false
      },
      {
        "type": "Secret Keyword",
        "filename": "packages/maverick-channels/tests/test_voice_channel.py",
        "hashed_secret": "e493f561d90c6638c1f51c5a8a069c3b129b79ed",
        "is_verified": false,
        "line_number": 62,
        "is_secret": false
      },
      {
        "type": "Secret Keyword",
        "filename": "packages/maverick-channels/tests/test_voice_channel.py",
        "hashed_secret": "c2d435dadebe50d63e8dec7f9a966be41fd0e506",
        "is_verified": false,
        "line_number": 138,
        "is_secret": false
      }
    ],
    "packages/maverick-channels/tests/test_whatsapp_cloud.py": [
      {
        "type": "Secret Keyword",
        "filename": "packages/maverick-channels/tests/test_whatsapp_cloud.py",
        "hashed_secret": "f3bba5d9c0ce665f2efa6030c2fae011942c7409",
        "is_verified": false,
        "line_number": 16,
        "is_secret": false
      }
    ],
    "packages/maverick-core/maverick/audit/events.py": [
      {
        "type": "Secret Keyword",
        "filename": "packages/maverick-core/maverick/audit/events.py",
        "hashed_secret": "2fa45e5f001ad78ba74fd149703d0fe915414870",
        "is_verified": false,
        "line_number": 138,
        "is_secret": false
      }
    ],
    "packages/maverick-core/maverick/github_app.py": [
      {
        "type": "Basic Auth Credentials",
        "filename": "packages/maverick-core/maverick/github_app.py",
        "hashed_secret": "853d6ca929939037112080a3abb24155b74b731f",
        "is_verified": false,
        "line_number": 194,
        "is_secret": false
      }
    ],
    "packages/maverick-core/maverick/safety/honeytokens.py": [
      {
        "type": "Base64 High Entropy String",
        "filename": "packages/maverick-core/maverick/safety/honeytokens.py",
        "hashed_secret": "6a40fbb3bd3c0673c9bff6ad305c8181d648a9bb",
        "is_verified": false,
        "line_number": 64,
        "is_secret": false
      },
      {
        "type": "Secret Keyword",
        "filename": "packages/maverick-core/maverick/safety/honeytokens.py",
        "hashed_secret": "c1cd1e10949e904dbe702f57a5cd873171dc6fa2",
        "is_verified": false,
        "line_number": 76,
        "is_secret": false
      },
      {
        "type": "Secret Keyword",
        "filename": "packages/maverick-core/maverick/safety/honeytokens.py",
        "hashed_secret": "99802364c0c97b37b26bb6f6756cb5b932701d42",
        "is_verified": false,
        "line_number": 77,
        "is_secret": false
      }
    ],
    "packages/maverick-core/maverick/secrets.py": [
      {
        "type": "Basic Auth Credentials",
        "filename": "packages/maverick-core/maverick/secrets.py",
        "hashed_secret": "5baa61e4c9b93f3f0682250b6cf8331b7ee68fd8",
        "is_verified": false,
        "line_number": 43,
        "is_secret": false
      },
      {
        "type": "Secret Keyword",
        "filename": "packages/maverick-core/maverick/secrets.py",
        "hashed_secret": "6b3f339c67bb03d57a7195cf43ed86b12bfdd347",
        "is_verified": false,
        "line_number": 97,
        "is_secret": false
      }
    ],
    "packages/maverick-core/maverick/tools/diagnose.py": [
      {
        "type": "Secret Keyword",
        "filename": "packages/maverick-core/maverick/tools/diagnose.py",
        "hashed_secret": "c03a8d10174dd7eb2b3288b570a5a74fdd9ae05d",
        "is_verified": false,
        "line_number": 43,
        "is_secret": false
      },
      {
        "type": "Secret Keyword",
        "filename": "packages/maverick-core/maverick/tools/diagnose.py",
        "hashed_secret": "7d3bbb5cbbc497d78ad547d8d39cbea2b3b8b69e",
        "is_verified": false,
        "line_number": 44,
        "is_secret": false
      },
      {
        "type": "Secret Keyword",
        "filename": "packages/maverick-core/maverick/tools/diagnose.py",
        "hashed_secret": "61e7a9a44ec34ad47c761aa2a4bff704a2b82175",
        "is_verified": false,
        "line_number": 45,
        "is_secret": false
      },
      {
        "type": "Secret Keyword",
        "filename": "packages/maverick-core/maverick/tools/diagnose.py",
        "hashed_secret": "f0f9d792f0f5b2a3c38ab9d2be9fb261a7263bfa",
        "is_verified": false,
        "line_number": 46,
        "is_secret": false
      },
      {
        "type": "Secret Keyword",
        "filename": "packages/maverick-core/maverick/tools/diagnose.py",
        "hashed_secret": "4e088f53901bceee7585441de1a94908b3b7f590",
        "is_verified": false,
        "line_number": 47,
        "is_secret": false
      },
      {
        "type": "Secret Keyword",
        "filename": "packages/maverick-core/maverick/tools/diagnose.py",
        "hashed_secret": "468da084e9953050d716e5425e004f33ac88c947",
        "is_verified": false,
        "line_number": 48,
        "is_secret": false
      }
    ],
    "packages/maverick-core/maverick/world_model_backends/postgres.py": [
      {
        "type": "Basic Auth Credentials",
        "filename": "packages/maverick-core/maverick/world_model_backends/postgres.py",
        "hashed_secret": "9d4e1e23bd5b727046a9e3b4b7db57bd8d6ee684",
        "is_verified": false,
        "line_number": 11,
        "is_secret": false
      }
    ],
    "packages/maverick-core/tests/test_action_gate.py": [
      {
        "type": "Basic Auth Credentials",
        "filename": "packages/maverick-core/tests/test_action_gate.py",
        "hashed_secret": "e5e9fa1ba31ecd1ae84f75caaa474f3a663f05f4",
        "is_verified": false,
        "line_number": 113,
        "is_secret": false
      }
    ],
    "packages/maverick-core/tests/test_audit_redaction.py": [
      {
        "type": "GitHub Token",
        "filename": "packages/maverick-core/tests/test_audit_redaction.py",
        "hashed_secret": "e175c6f5f2a92e8623bd9a4820edb4e8c1b0fd10",
        "is_verified": false,
        "line_number": 55,
        "is_secret": false
      }
    ],
    "packages/maverick-core/tests/test_audit_redaction_fixes.py": [
      {
        "type": "Private Key",
        "filename": "packages/maverick-core/tests/test_audit_redaction_fixes.py",
        "hashed_secret": "be4fc4886bd949b369d5e092eb87494f12e57e5b",
        "is_verified": false,
        "line_number": 37,
        "is_secret": false
      },
      {
        "type": "Base64 High Entropy String",
        "filename": "packages/maverick-core/tests/test_audit_redaction_fixes.py",
        "hashed_secret": "75e43633215b83ae1d20153a1fbadf47504e98c3",
        "is_verified": false,
        "line_number": 38,
        "is_secret": false
      },
      {
        "type": "Base64 High Entropy String",
        "filename": "packages/maverick-core/tests/test_audit_redaction_fixes.py",
        "hashed_secret": "c25b66fb43e9a0b26ea8d8304ddc122329667249",
        "is_verified": false,
        "line_number": 41,
        "is_secret": false
      },
      {
        "type": "Private Key",
        "filename": "packages/maverick-core/tests/test_audit_redaction_fixes.py",
        "hashed_secret": "1348b145fa1a555461c1b790a2f66614781091e9",
        "is_verified": false,
        "line_number": 45,
        "is_secret": false
      }
    ],
    "packages/maverick-core/tests/test_council_round1_fixes.py": [
      {
        "type": "Secret Keyword",
        "filename": "packages/maverick-core/tests/test_council_round1_fixes.py",
        "hashed_secret": "b3389fe0c4b5a0a0e7bfe928e1d58411668721dd",
        "is_verified": false,
        "line_number": 99,
        "is_secret": false
      },
      {
        "type": "Secret Keyword",
        "filename": "packages/maverick-core/tests/test_council_round1_fixes.py",
        "hashed_secret": "c67f1ee17880030ce11821dcc9be7af90b863d9b",
        "is_verified": false,
        "line_number": 100,
        "is_secret": false
      }
    ],
    "packages/maverick-core/tests/test_council_round2_fixes.py": [
      {
        "type": "Secret Keyword",
        "filename": "packages/maverick-core/tests/test_council_round2_fixes.py",
        "hashed_secret": "766a6e8998aefe2117d62c2d48411e43161ffa11",
        "is_verified": false,
        "line_number": 43,
        "is_secret": false
      }
    ],
    "packages/maverick-core/tests/test_demonstration.py": [
      {
        "type": "AWS Access Key",
        "filename": "packages/maverick-core/tests/test_demonstration.py",
        "hashed_secret": "25910f981e85ca04baf359199dd0bd4a3ae738b6",
        "is_verified": false,
        "line_number": 151,
        "is_secret": false
      },
      {
        "type": "Secret Keyword",
        "filename": "packages/maverick-core/tests/test_demonstration.py",
        "hashed_secret": "a19bb7b22625ab894962144c17aa94fcaa12b043",
        "is_verified": false,
        "line_number": 160,
        "is_secret": false
      }
    ],
    "packages/maverick-core/tests/test_donation.py": [
      {
        "type": "Base64 High Entropy String",
        "filename": "packages/maverick-core/tests/test_donation.py",
        "hashed_secret": "7a670e7fc98352cf83e82fdf884a07e3e3f980d0",
        "is_verified": false,
        "line_number": 124,
        "is_secret": false
      },
      {
        "type": "Secret Keyword",
        "filename": "packages/maverick-core/tests/test_donation.py",
        "hashed_secret": "7a670e7fc98352cf83e82fdf884a07e3e3f980d0",
        "is_verified": false,
        "line_number": 129,
        "is_secret": false
      }
    ],
    "packages/maverick-core/tests/test_edit_format.py": [
      {
        "type": "Base64 High Entropy String",
        "filename": "packages/maverick-core/tests/test_edit_format.py",
        "hashed_secret": "bf61cd243117770b251de9267c2391dac221e780",
        "is_verified": false,
        "line_number": 442,
        "is_secret": false
      }
    ],
    "packages/maverick-core/tests/test_facts_and_tooloutput_injection.py": [
      {
        "type": "Base64 High Entropy String",
        "filename": "packages/maverick-core/tests/test_facts_and_tooloutput_injection.py",
        "hashed_secret": "dea3c171abcdfb3e8380d6860630f618eb6e074f",
        "is_verified": false,
        "line_number": 132,
        "is_secret": false
      }
    ],
    "packages/maverick-core/tests/test_github_app.py": [
      {
        "type": "Secret Keyword",
        "filename": "packages/maverick-core/tests/test_github_app.py",
        "hashed_secret": "25ab86bed149ca6ca9c1c0d5db7c9a91388ddeab",
        "is_verified": false,
        "line_number": 19,
        "is_secret": false
      }
    ],
    "packages/maverick-core/tests/test_issue_report.py": [
      {
        "type": "Base64 High Entropy String",
        "filename": "packages/maverick-core/tests/test_issue_report.py",
        "hashed_secret": "d00fa6317b7cff9ca256ff47160775e5cc3801b6",
        "is_verified": false,
        "line_number": 10,
        "is_secret": false
      }
    ],
    "packages/maverick-core/tests/test_issue_webhooks.py": [
      {
        "type": "Secret Keyword",
        "filename": "packages/maverick-core/tests/test_issue_webhooks.py",
        "hashed_secret": "25ab86bed149ca6ca9c1c0d5db7c9a91388ddeab",
        "is_verified": false,
        "line_number": 31,
        "is_secret": false
      }
    ],
    "packages/maverick-core/tests/test_learning_cache.py": [
      {
        "type": "Secret Keyword",
        "filename": "packages/maverick-core/tests/test_learning_cache.py",
        "hashed_secret": "c106f340ec6c5f66bc159a4d7975f7c26b92f0f1",
        "is_verified": false,
        "line_number": 103,
        "is_secret": false
      }
    ],
    "packages/maverick-core/tests/test_logging_hygiene_467.py": [
      {
        "type": "Secret Keyword",
        "filename": "packages/maverick-core/tests/test_logging_hygiene_467.py",
        "hashed_secret": "f3bbbd66a63d4bf1747940578ec3d0103530e21d",
        "is_verified": false,
        "line_number": 42,
        "is_secret": false
      },
      {
        "type": "Base64 High Entropy String",
        "filename": "packages/maverick-core/tests/test_logging_hygiene_467.py",
        "hashed_secret": "c6d4ca02203f9f161760b2c72ba0fcec73f1244d",
        "is_verified": false,
        "line_number": 85,
        "is_secret": false
      }
    ],
    "packages/maverick-core/tests/test_mcp_client.py": [
      {
        "type": "Basic Auth Credentials",
        "filename": "packages/maverick-core/tests/test_mcp_client.py",
        "hashed_secret": "9d4e1e23bd5b727046a9e3b4b7db57bd8d6ee684",
        "is_verified": false,
        "line_number": 145,
        "is_secret": false
      },
      {
        "type": "Secret Keyword",
        "filename": "packages/maverick-core/tests/test_mcp_client.py",
        "hashed_secret": "a19bb7b22625ab894962144c17aa94fcaa12b043",
        "is_verified": false,
        "line_number": 179,
        "is_secret": false
      }
    ],
    "packages/maverick-core/tests/test_openai_compatible_provider.py": [
      {
        "type": "Secret Keyword",
        "filename": "packages/maverick-core/tests/test_openai_compatible_provider.py",
        "hashed_secret": "9a167c0cdebb3cc2cd4315f693e5ec8f43520f01",
        "is_verified": false,
        "line_number": 57,
        "is_secret": false
      },
      {
        "type": "Secret Keyword",
        "filename": "packages/maverick-core/tests/test_openai_compatible_provider.py",
        "hashed_secret": "49fd535e63175a827aab3eff9ac58a9e82460ac9",
        "is_verified": false,
        "line_number": 71,
        "is_secret": false
      },
      {
        "type": "Secret Keyword",
        "filename": "packages/maverick-core/tests/test_openai_compatible_provider.py",
        "hashed_secret": "64a3ed79bbac4e9ff3fb874685320e63a4b5987b",
        "is_verified": false,
        "line_number": 89,
        "is_secret": false
      }
    ],
    "packages/maverick-core/tests/test_openai_key_strip.py": [
      {
        "type": "Secret Keyword",
        "filename": "packages/maverick-core/tests/test_openai_key_strip.py",
        "hashed_secret": "f10317c27ca4d2ef628b2690766ceca20f8668ac",
        "is_verified": false,
        "line_number": 31,
        "is_secret": false
      }
    ],
    "packages/maverick-core/tests/test_provable_redaction.py": [
      {
        "type": "AWS Access Key",
        "filename": "packages/maverick-core/tests/test_provable_redaction.py",
        "hashed_secret": "25910f981e85ca04baf359199dd0bd4a3ae738b6",
        "is_verified": false,
        "line_number": 7,
        "is_secret": false
      },
      {
        "type": "Secret Keyword",
        "filename": "packages/maverick-core/tests/test_provable_redaction.py",
        "hashed_secret": "25910f981e85ca04baf359199dd0bd4a3ae738b6",
        "is_verified": false,
        "line_number": 7,
        "is_secret": false
      }
    ],
    "packages/maverick-core/tests/test_provider_usage_required.py": [
      {
        "type": "Base64 High Entropy String",
        "filename": "packages/maverick-core/tests/test_provider_usage_required.py",
        "hashed_secret": "af87b8b442d0af133b0df72bf88372855a125707",
        "is_verified": false,
        "line_number": 78,
        "is_secret": false
      },
      {
        "type": "Secret Keyword",
        "filename": "packages/maverick-core/tests/test_provider_usage_required.py",
        "hashed_secret": "af87b8b442d0af133b0df72bf88372855a125707",
        "is_verified": false,
        "line_number": 78,
        "is_secret": false
      },
      {
        "type": "Base64 High Entropy String",
        "filename": "packages/maverick-core/tests/test_provider_usage_required.py",
        "hashed_secret": "18fdf21db6a592dac66e4bcefad19d6b8d0428f4",
        "is_verified": false,
        "line_number": 90,
        "is_secret": false
      }
    ],
    "packages/maverick-core/tests/test_q1_2026.py": [
      {
        "type": "Base64 High Entropy String",
        "filename": "packages/maverick-core/tests/test_q1_2026.py",
        "hashed_secret": "d00fa6317b7cff9ca256ff47160775e5cc3801b6",
        "is_verified": false,
        "line_number": 167,
        "is_secret": false
      },
      {
        "type": "Base64 High Entropy String",
        "filename": "packages/maverick-core/tests/test_q1_2026.py",
        "hashed_secret": "ad7249632081fad7622e144c7b41b97b8b864b39",
        "is_verified": false,
        "line_number": 168,
        "is_secret": false
      },
      {
        "type": "AWS Access Key",
        "filename": "packages/maverick-core/tests/test_q1_2026.py",
        "hashed_secret": "25910f981e85ca04baf359199dd0bd4a3ae738b6",
        "is_verified": false,
        "line_number": 169,
        "is_secret": false
      },
      {
        "type": "GitHub Token",
        "filename": "packages/maverick-core/tests/test_q1_2026.py",
        "hashed_secret": "e175c6f5f2a92e8623bd9a4820edb4e8c1b0fd10",
        "is_verified": false,
        "line_number": 170,
        "is_secret": false
      },
      {
        "type": "Base64 High Entropy String",
        "filename": "packages/maverick-core/tests/test_q1_2026.py",
        "hashed_secret": "a0d39cacbe2e044aefeda543def87f7ddb558c79",
        "is_verified": false,
        "line_number": 171,
        "is_secret": false
      },
      {
        "type": "JSON Web Token",
        "filename": "packages/maverick-core/tests/test_q1_2026.py",
        "hashed_secret": "ce05916151c84a47ab5bd593db060dd9d8b9badf",
        "is_verified": false,
        "line_number": 177,
        "is_secret": false
      }
    ],
    "packages/maverick-core/tests/test_q2_2026_batch2.py": [
      {
        "type": "Secret Keyword",
        "filename": "packages/maverick-core/tests/test_q2_2026_batch2.py",
        "hashed_secret": "79c6fc88693e7b9dcbb9345806453e4d7583640d",
        "is_verified": false,
        "line_number": 373,
        "is_secret": false
      }
    ],
    "packages/maverick-core/tests/test_q2_2026_batch3.py": [
      {
        "type": "Secret Keyword",
        "filename": "packages/maverick-core/tests/test_q2_2026_batch3.py",
        "hashed_secret": "1ae0af3fe72b3ba394f9fa95a6cffc090d726c23",
        "is_verified": false,
        "line_number": 45,
        "is_secret": false
      },
      {
        "type": "Secret Keyword",
        "filename": "packages/maverick-core/tests/test_q2_2026_batch3.py",
        "hashed_secret": "f24fe791ad2f766fd1fd539ff9f8989b8391816b",
        "is_verified": false,
        "line_number": 163,
        "is_secret": false
      }
    ],
    "packages/maverick-core/tests/test_q3_2026_batch2.py": [
      {
        "type": "Hex High Entropy String",
        "filename": "packages/maverick-core/tests/test_q3_2026_batch2.py",
        "hashed_secret": "90bd1b48e958257948487b90bee080ba5ed00caa",
        "is_verified": false,
        "line_number": 193,
        "is_secret": false
      },
      {
        "type": "Secret Keyword",
        "filename": "packages/maverick-core/tests/test_q3_2026_batch2.py",
        "hashed_secret": "829c3804401b0727f70f73d4415e162400cbe57b",
        "is_verified": false,
        "line_number": 465,
        "is_secret": false
      }
    ],
    "packages/maverick-core/tests/test_q3_2026_batch9.py": [
      {
        "type": "Secret Keyword",
        "filename": "packages/maverick-core/tests/test_q3_2026_batch9.py",
        "hashed_secret": "923df184168f61ca8da17439a35db433c12efe44",
        "is_verified": false,
        "line_number": 441,
        "is_secret": false
      }
    ],
    "packages/maverick-core/tests/test_qdrant_store.py": [
      {
        "type": "Secret Keyword",
        "filename": "packages/maverick-core/tests/test_qdrant_store.py",
        "hashed_secret": "e5e9fa1ba31ecd1ae84f75caaa474f3a663f05f4",
        "is_verified": false,
        "line_number": 60,
        "is_secret": false
      }
    ],
    "packages/maverick-core/tests/test_relay_reference.py": [
      {
        "type": "Secret Keyword",
        "filename": "packages/maverick-core/tests/test_relay_reference.py",
        "hashed_secret": "12201fe5e202883bd45fc97e87366ea05183e0e4",
        "is_verified": false,
        "line_number": 181,
        "is_secret": false
      }
    ],
    "packages/maverick-core/tests/test_replay_export_scrub.py": [
      {
        "type": "Secret Keyword",
        "filename": "packages/maverick-core/tests/test_replay_export_scrub.py",
        "hashed_secret": "ae6d618f011ce9559797f20e5c5e971aabc016b4",
        "is_verified": false,
        "line_number": 13,
        "is_secret": false
      }
    ],
    "packages/maverick-core/tests/test_replay_video.py": [
      {
        "type": "Base64 High Entropy String",
        "filename": "packages/maverick-core/tests/test_replay_video.py",
        "hashed_secret": "8f8e75b2aa0c07ee031e30609b66e961875e82c7",
        "is_verified": false,
        "line_number": 36,
        "is_secret": false
      }
    ],
    "packages/maverick-core/tests/test_security_audit_redirect_optinjection.py": [
      {
        "type": "Base64 High Entropy String",
        "filename": "packages/maverick-core/tests/test_security_audit_redirect_optinjection.py",
        "hashed_secret": "44b912cab416158393fbf492dc906ef756cf0640",
        "is_verified": false,
        "line_number": 108,
        "is_secret": false
      }
    ],
    "packages/maverick-core/tests/test_security_invariants.py": [
      {
        "type": "Secret Keyword",
        "filename": "packages/maverick-core/tests/test_security_invariants.py",
        "hashed_secret": "8fed4b0a8a7e47f84a80533d212991899ea48cf6",
        "is_verified": false,
        "line_number": 52,
        "is_secret": false
      }
    ],
    "packages/maverick-core/tests/test_self_learning.py": [
      {
        "type": "Secret Keyword",
        "filename": "packages/maverick-core/tests/test_self_learning.py",
        "hashed_secret": "3c3b274d119ff5a5ec6c1e215c1cb794d9973ac1",
        "is_verified": false,
        "line_number": 650,
        "is_secret": false
      }
    ],
    "packages/maverick-core/tests/test_support_bundle.py": [
      {
        "type": "AWS Access Key",
        "filename": "packages/maverick-core/tests/test_support_bundle.py",
        "hashed_secret": "abac545fc3bf803134bc8f78fb6160a5c6a87b26",
        "is_verified": false,
        "line_number": 68,
        "is_secret": false
      },
      {
        "type": "Basic Auth Credentials",
        "filename": "packages/maverick-core/tests/test_support_bundle.py",
        "hashed_secret": "fff01e4f844424eaad4f196dfe9dbc3902821607",
        "is_verified": false,
        "line_number": 68,
        "is_secret": false
      },
      {
        "type": "Base64 High Entropy String",
        "filename": "packages/maverick-core/tests/test_support_bundle.py",
        "hashed_secret": "cab1e528ba7a2b468d8de5f8ab896fecdab366d4",
        "is_verified": false,
        "line_number": 74,
        "is_secret": false
      }
    ],
    "packages/maverick-core/tests/test_swarm_bughunt_security.py": [
      {
        "type": "Hex High Entropy String",
        "filename": "packages/maverick-core/tests/test_swarm_bughunt_security.py",
        "hashed_secret": "90bd1b48e958257948487b90bee080ba5ed00caa",
        "is_verified": false,
        "line_number": 30,
        "is_secret": false
      },
      {
        "type": "Base64 High Entropy String",
        "filename": "packages/maverick-core/tests/test_swarm_bughunt_security.py",
        "hashed_secret": "2220b562344ec47da5fc38430b2ee14178d121a5",
        "is_verified": false,
        "line_number": 36,
        "is_secret": false
      }
    ],
    "packages/maverick-core/tests/test_swarm_bughunt_wave3.py": [
      {
        "type": "Base64 High Entropy String",
        "filename": "packages/maverick-core/tests/test_swarm_bughunt_wave3.py",
        "hashed_secret": "93c999c78ba423be72a8ba46b568a0e38d0ad78a",
        "is_verified": false,
        "line_number": 80,
        "is_secret": false
      }
    ],
    "packages/maverick-core/tests/test_wave3.py": [
      {
        "type": "Base64 High Entropy String",
        "filename": "packages/maverick-core/tests/test_wave3.py",
        "hashed_secret": "50700c2d1d5f3a572ff8c638ab3ebe7959375bd7",
        "is_verified": false,
        "line_number": 17,
        "is_secret": false
      },
      {
        "type": "Base64 High Entropy String",
        "filename": "packages/maverick-core/tests/test_wave3.py",
        "hashed_secret": "6665fada5b9357eccb8061a12c69e6e55fccb792",
        "is_verified": false,
        "line_number": 20,
        "is_secret": false
      },
      {
        "type": "AWS Access Key",
        "filename": "packages/maverick-core/tests/test_wave3.py",
        "hashed_secret": "25910f981e85ca04baf359199dd0bd4a3ae738b6",
        "is_verified": false,
        "line_number": 23,
        "is_secret": false
      },
      {
        "type": "JSON Web Token",
        "filename": "packages/maverick-core/tests/test_wave3.py",
        "hashed_secret": "f1fb6becdc61282ab53f4f18b7183bb6d9fbc3c5",
        "is_verified": false,
        "line_number": 35,
        "is_secret": false
      },
      {
        "type": "Base64 High Entropy String",
        "filename": "packages/maverick-core/tests/test_wave3.py",
        "hashed_secret": "68766837b183b1f6ac38a15c370b2c4437a7b2cc",
        "is_verified": false,
        "line_number": 40,
        "is_secret": false
      },
      {
        "type": "Private Key",
        "filename": "packages/maverick-core/tests/test_wave3.py",
        "hashed_secret": "be4fc4886bd949b369d5e092eb87494f12e57e5b",
        "is_verified": false,
        "line_number": 51,
        "is_secret": false
      },
      {
        "type": "Basic Auth Credentials",
        "filename": "packages/maverick-core/tests/test_wave3.py",
        "hashed_secret": "2324ca1df033be8e0bd0dba90285316e633babdd",
        "is_verified": false,
        "line_number": 61,
        "is_secret": false
      },
      {
        "type": "Base64 High Entropy String",
        "filename": "packages/maverick-core/tests/test_wave3.py",
        "hashed_secret": "ccee70448af95124256f5e4a4979fc3ed6c837fd",
        "is_verified": false,
        "line_number": 79,
        "is_secret": false
      },
      {
        "type": "GitHub Token",
        "filename": "packages/maverick-core/tests/test_wave3.py",
        "hashed_secret": "e175c6f5f2a92e8623bd9a4820edb4e8c1b0fd10",
        "is_verified": false,
        "line_number": 79,
        "is_secret": false
      },
      {
        "type": "Base64 High Entropy String",
        "filename": "packages/maverick-core/tests/test_wave3.py",
        "hashed_secret": "dee64de1c3972d4ed05ed0be23975af78b257202",
        "is_verified": false,
        "line_number": 82,
        "is_secret": false
      }
    ],
    "packages/maverick-core/tests/test_wave7c.py": [
      {
        "type": "Secret Keyword",
        "filename": "packages/maverick-core/tests/test_wave7c.py",
        "hashed_secret": "3acfb2c2b433c0ea7ff107e33df91b18e52f960f",
        "is_verified": false,
        "line_number": 29,
        "is_secret": false
      }
    ],
    "packages/maverick-dashboard/maverick_dashboard/templates/plan_tree.html": [
      {
        "type": "Base64 High Entropy String",
        "filename": "packages/maverick-dashboard/maverick_dashboard/templates/plan_tree.html",
        "hashed_secret": "379421a649330df4c92da74b763d5c3492864dc1",
        "is_verified": false,
        "line_number": 61,
        "is_secret": false
      }
    ],
    "packages/maverick-dashboard/tests/test_ai_evidence_gateway_api.py": [
      {
        "type": "Secret Keyword",
        "filename": "packages/maverick-dashboard/tests/test_ai_evidence_gateway_api.py",
        "hashed_secret": "40f274238cb890265432d4a1fbc6c0ba7474c717",
        "is_verified": false,
        "line_number": 470,
        "is_secret": false
      },
      {
        "type": "Secret Keyword",
        "filename": "packages/maverick-dashboard/tests/test_ai_evidence_gateway_api.py",
        "hashed_secret": "5db693ab62d33b2aa4a03d0a9d607274406d5ca5",
        "is_verified": false,
        "line_number": 663,
        "is_secret": false
      }
    ],
    "packages/maverick-dashboard/tests/test_issue_webhooks_routes.py": [
      {
        "type": "Secret Keyword",
        "filename": "packages/maverick-dashboard/tests/test_issue_webhooks_routes.py",
        "hashed_secret": "e3694c1417723ec08d5b724fd101b28c5611ebd1",
        "is_verified": false,
        "line_number": 21,
        "is_secret": false
      }
    ],
    "packages/maverick-dashboard/tests/test_rbac.py": [
      {
        "type": "Secret Keyword",
        "filename": "packages/maverick-dashboard/tests/test_rbac.py",
        "hashed_secret": "02ecb94373bfb3dfe827ca18409f50b016e8302a",
        "is_verified": false,
        "line_number": 364,
        "is_secret": false
      },
      {
        "type": "Secret Keyword",
        "filename": "packages/maverick-dashboard/tests/test_rbac.py",
        "hashed_secret": "3f26c31d3a3bd4971bb621ce51232fbed46b0725",
        "is_verified": false,
        "line_number": 372,
        "is_secret": false
      }
    ],
    "packages/maverick-dashboard/tests/test_redact_ui.py": [
      {
        "type": "AWS Access Key",
        "filename": "packages/maverick-dashboard/tests/test_redact_ui.py",
        "hashed_secret": "25910f981e85ca04baf359199dd0bd4a3ae738b6",
        "is_verified": false,
        "line_number": 20,
        "is_secret": false
      }
    ],
    "packages/maverick-dashboard/tests/test_webhook_start.py": [
      {
        "type": "Secret Keyword",
        "filename": "packages/maverick-dashboard/tests/test_webhook_start.py",
        "hashed_secret": "e3694c1417723ec08d5b724fd101b28c5611ebd1",
        "is_verified": false,
        "line_number": 24,
        "is_secret": false
      }
    ],
    "packages/maverick-knowledge/tests/test_knowledge.py": [
      {
        "type": "Secret Keyword",
        "filename": "packages/maverick-knowledge/tests/test_knowledge.py",
        "hashed_secret": "e493f561d90c6638c1f51c5a8a069c3b129b79ed",
        "is_verified": false,
        "line_number": 753,
        "is_secret": false
      }
    ],
    "packages/maverick-shield/tests/test_corpus_release.py": [
      {
        "type": "AWS Access Key",
        "filename": "packages/maverick-shield/tests/test_corpus_release.py",
        "hashed_secret": "25910f981e85ca04baf359199dd0bd4a3ae738b6",
        "is_verified": false,
        "line_number": 43,
        "is_secret": false
      }
    ]
  },
  "generated_at": "2026-08-16T16:17:18Z"
}
